TOTAL 84 images
OK /app/frontend/public/catalog/glute-sculpt-leggings/blush-side.png (526154)
OK /app/frontend/public/catalog/glute-sculpt-leggings/blush-front.png (442522)
OK /app/frontend/public/catalog/glute-sculpt-leggings/blush-back.png (502012)
OK /app/frontend/public/catalog/glute-sculpt-leggings/black-front.png (492452)
OK /app/frontend/public/catalog/glute-sculpt-leggings/blush-detail.png (644823)
OK /app/frontend/public/catalog/glute-sculpt-leggings/black-back.png (497215)
OK /app/frontend/public/catalog/glute-sculpt-leggings/charcoal-front.png (513657)
OK /app/frontend/public/catalog/glute-sculpt-leggings/black-detail.png (552076)
OK /app/frontend/public/catalog/glute-sculpt-leggings/black-side.png (512874)
OK /app/frontend/public/catalog/glute-sculpt-leggings/charcoal-back.png (500006)
OK /app/frontend/public/catalog/glute-sculpt-leggings/charcoal-side.png (517059)
OK /app/frontend/public/catalog/glute-sculpt-leggings/charcoal-detail.png (666358)
OK /app/frontend/public/catalog/seamless-sculpt-leggings/black-back.png (492902)
OK /app/frontend/public/catalog/seamless-sculpt-leggings/black-side.png (514729)
OK /app/frontend/public/catalog/seamless-sculpt-leggings/black-front.png (495862)
OK /app/frontend/public/catalog/seamless-sculpt-leggings/mocha-back.png (504932)
OK /app/frontend/public/catalog/seamless-sculpt-leggings/mocha-front.png (502134)
OK /app/frontend/public/catalog/seamless-sculpt-leggings/black-detail.png (530275)
OK /app/frontend/public/catalog/seamless-sculpt-leggings/blush-front.png (493274)
OK /app/frontend/public/catalog/seamless-sculpt-leggings/mocha-side.png (466026)
OK /app/frontend/public/catalog/seamless-sculpt-leggings/mocha-detail.png (590805)
OK /app/frontend/public/catalog/seamless-sculpt-leggings/blush-detail.png (522745)
OK /app/frontend/public/catalog/seamless-sculpt-leggings/blush-side.png (511117)
OK /app/frontend/public/catalog/seamless-sculpt-leggings/blush-back.png (513198)
OK /app/frontend/public/catalog/sculpt-shorts/black-front.png (492808)
OK /app/frontend/public/catalog/sculpt-shorts/black-back.png (490849)
OK /app/frontend/public/catalog/sculpt-shorts/black-side.png (417826)
OK /app/frontend/public/catalog/sculpt-shorts/blush-front.png (496945)
OK /app/frontend/public/catalog/sculpt-shorts/black-detail.png (499710)
OK /app/frontend/public/catalog/sculpt-shorts/blush-back.png (498503)
OK /app/frontend/public/catalog/sculpt-shorts/navy-front.png (498607)
OK /app/frontend/public/catalog/sculpt-shorts/blush-side.png (522520)
OK /app/frontend/public/catalog/sculpt-shorts/blush-detail.png (546751)
OK /app/frontend/public/catalog/sculpt-shorts/navy-detail.png (519123)
OK /app/frontend/public/catalog/sculpt-shorts/navy-side.png (508965)
OK /app/frontend/public/catalog/sculpt-shorts/navy-back.png (502997)
OK /app/frontend/public/catalog/ribbed-sculpt-shorts/mocha-side.png (498535)
OK /app/frontend/public/catalog/ribbed-sculpt-shorts/mocha-front.png (509133)
OK /app/frontend/public/catalog/ribbed-sculpt-shorts/mocha-back.png (495504)
OK /app/frontend/public/catalog/ribbed-sculpt-shorts/charcoal-back.png (511097)
OK /app/frontend/public/catalog/ribbed-sculpt-shorts/charcoal-front.png (504118)
OK /app/frontend/public/catalog/ribbed-sculpt-shorts/mocha-detail.png (618390)
OK /app/frontend/public/catalog/ribbed-sculpt-shorts/charcoal-side.png (533179)
OK /app/frontend/public/catalog/ribbed-sculpt-shorts/charcoal-detail.png (611554)
OK /app/frontend/public/catalog/ribbed-sculpt-shorts/blush-front.png (504667)
OK /app/frontend/public/catalog/ribbed-sculpt-shorts/blush-back.png (499828)
OK /app/frontend/public/catalog/ribbed-sculpt-shorts/blush-detail.png (528478)
OK /app/frontend/public/catalog/ribbed-sculpt-shorts/blush-side.png (533449)
OK /app/frontend/public/catalog/sculpt-sports-bra/blush-back.png (485567)
OK /app/frontend/public/catalog/sculpt-sports-bra/blush-side.png (506225)
OK /app/frontend/public/catalog/sculpt-sports-bra/blush-front.png (491113)
OK /app/frontend/public/catalog/sculpt-sports-bra/black-front.png (492745)
OK /app/frontend/public/catalog/sculpt-sports-bra/blush-detail.png (562125)
OK /app/frontend/public/catalog/sculpt-sports-bra/black-back.png (491690)
OK /app/frontend/public/catalog/sculpt-sports-bra/mocha-front.png (489863)
OK /app/frontend/public/catalog/sculpt-sports-bra/black-detail.png (522232)
OK /app/frontend/public/catalog/sculpt-sports-bra/black-side.png (517941)
OK /app/frontend/public/catalog/sculpt-sports-bra/mocha-back.png (486449)
OK /app/frontend/public/catalog/sculpt-sports-bra/mocha-side.png (507672)
OK /app/frontend/public/catalog/sculpt-sports-bra/mocha-detail.png (508438)
OK /app/frontend/public/catalog/sculpt-longline-bra/black-side.png (517133)
OK /app/frontend/public/catalog/sculpt-longline-bra/black-back.png (426646)
OK /app/frontend/public/catalog/sculpt-longline-bra/black-front.png (496134)
OK /app/frontend/public/catalog/sculpt-longline-bra/charcoal-front.png (489256)
OK /app/frontend/public/catalog/sculpt-longline-bra/charcoal-back.png (422682)
OK /app/frontend/public/catalog/sculpt-longline-bra/black-detail.png (542714)
OK /app/frontend/public/catalog/sculpt-longline-bra/navy-front.png (492645)
OK /app/frontend/public/catalog/sculpt-longline-bra/charcoal-detail.png (628438)
OK /app/frontend/public/catalog/sculpt-longline-bra/charcoal-side.png (518221)
OK /app/frontend/public/catalog/sculpt-longline-bra/navy-side.png (512643)
OK /app/frontend/public/catalog/sculpt-longline-bra/navy-back.png (492633)
OK /app/frontend/public/catalog/sculpt-longline-bra/navy-detail.png (572517)
OK /app/frontend/public/catalog/resistance-band-bundle/blushtones-front.png (627537)
OK /app/frontend/public/catalog/resistance-band-bundle/blushtones-side.png (635143)
OK /app/frontend/public/catalog/resistance-band-bundle/blushtones-back.png (570126)
OK /app/frontend/public/catalog/resistance-band-bundle/blushtones-detail.png (609834)
OK /app/frontend/public/catalog/resistance-band-bundle/neutraltones-back.png (567250)
OK /app/frontend/public/catalog/resistance-band-bundle/neutraltones-front.png (625479)
OK /app/frontend/public/catalog/resistance-band-bundle/midnighttones-front.png (584940)
OK /app/frontend/public/catalog/resistance-band-bundle/neutraltones-detail.png (563847)
OK /app/frontend/public/catalog/resistance-band-bundle/neutraltones-side.png (600425)
OK /app/frontend/public/catalog/resistance-band-bundle/midnighttones-side.png (550479)
OK /app/frontend/public/catalog/resistance-band-bundle/midnighttones-detail.png (514385)
OK /app/frontend/public/catalog/resistance-band-bundle/midnighttones-back.png (572331)
DONE
